location: clients/tests/test-client.py:927:test_004()/81
cmd: $NMCLI --mode multiline -f ALL device wifi list bssid C0:E2:BE:E8:EF:B6
lang: C
returncode: -5
stdout: 1 bytes
>>>


<<<
stderr: 17 bytes
>>>
<UNSTABLE OUTPUT>
<<<
