location: clients/tests/test-client.py:556:test_002()/5
cmd: $NMCLI -f all d
lang: pl_PL.UTF-8
returncode: 0
stdout: 534 bytes
>>>
DEVICE  TYPE      STATE        DBUS-PATH                                  CONNECTION  CON-UUID  CON-PATH 
eth0    ethernet  niedostępne  /org/freedesktop/NetworkManager/Devices/1  --          --        --       
wlan0   wifi      niedostępne  /org/freedesktop/NetworkManager/Devices/2  --          --        --       
wlan1   wifi      niedostępne  /org/freedesktop/NetworkManager/Devices/3  --          --        --       
wlan1   wifi      niedostępne  /org/freedesktop/NetworkManager/Devices/4  --          --        --       

<<<
stderr: 0 bytes
>>>

<<<
