location: clients/tests/test-client.py:562:test_002()/3
cmd: $NMCLI d
lang: de_DE.utf8
returncode: 0
stdout: 239 bytes
>>>
DEVICE  TYPE      STATE            CONNECTION 
eth0    ethernet  nicht verf端gbar  --         
wlan0   wifi      nicht verf端gbar  --         
wlan1   wifi      nicht verf端gbar  --         
wlan1   wifi      nicht verf端gbar  --         

<<<
stderr: 0 bytes
>>>

<<<
