location: clients/tests/test-client.py:547:test_001()/7
cmd: $NMCLI c s
lang: C
returncode: 0
stdout: 26 bytes
>>>
NAME  UUID  TYPE  DEVICE 

<<<
stderr: 0 bytes
>>>

<<<
