location: clients/tests/test-client.py:986:test_004()/87
cmd: $NMCLI --mode multiline --pretty -f ALL device wifi list bssid C0:E2:BE:E8:EF:B6
lang: C
returncode: -5
stdout: 425 bytes
>>>
===============================================================================
                            Wi-Fi scan list (wlan1)
===============================================================================

===============================================================================
                            Wi-Fi scan list (wlan1)
===============================================================================

<<<
stderr: 17 bytes
>>>
<UNSTABLE OUTPUT>
<<<
