location: clients/tests/test-client.py:556:test_002()/6
cmd: $NMCLI -f all d
lang: de_DE.utf8
returncode: 0
stdout: 554 bytes
>>>
DEVICE  TYPE      STATE            DBUS-PATH                                  CONNECTION  CON-UUID  CON-PATH 
eth0    ethernet  nicht verf端gbar  /org/freedesktop/NetworkManager/Devices/1  --          --        --       
wlan0   wifi      nicht verf端gbar  /org/freedesktop/NetworkManager/Devices/2  --          --        --       
wlan1   wifi      nicht verf端gbar  /org/freedesktop/NetworkManager/Devices/3  --          --        --       
wlan1   wifi      nicht verf端gbar  /org/freedesktop/NetworkManager/Devices/4  --          --        --       

<<<
stderr: 0 bytes
>>>

<<<
