location: clients/tests/test-client.py:563:test_002()/21
cmd: $NMCLI -f AP -mode tabular d show wlan0
lang: de_DE.utf8
returncode: 0
stdout: 304 bytes
>>>
NAME   IN-USE  SSID        MODE   CHAN  RATE       SIGNAL  BARS  SECURITY  
AP[1]          wlan0-ap-3  Infra  1     54 Mbit/s  88      ****  WPA1 WPA2 
AP[2]          wlan0-ap-2  Infra  1     54 Mbit/s  61      ***   WPA1 WPA2 
AP[3]          wlan0-ap-1  Infra  1     54 Mbit/s  29      *     WPA1 WPA2 

<<<
stderr: 0 bytes
>>>

<<<
