location: clients/tests/test-client.py:628:test_003()/21
cmd: $NMCLI -f ALL con
lang: de_DE.utf8
returncode: 0
stdout: 1084 bytes
>>>
NAME      UUID                                  TYPE      TIMESTAMP  TIMESTAMP-REAL  AUTOCONNECT  AUTOCONNECT-PRIORITY  READONLY  DBUS-PATH                                              ACTIVE  DEVICE  STATE      ACTIVE-PATH                                         SLAVE 
ethernet  UUID-ethernet-REPLACED-REPLACED-REPL  ethernet  0          nie             ja           0                     nein      /org/freedesktop/NetworkManager/Settings/Connection/3  ja      eth0    aktiviert  /org/freedesktop/NetworkManager/ActiveConnection/1  --    
con-1     5fcfd6d7-1e63-3332-8826-a7eda103792d  ethernet  0          nie             ja           0                     nein      /org/freedesktop/NetworkManager/Settings/Connection/1  nein    --      --         --                                                  --    
con-xx1   UUID-con-xx1-REPLACED-REPLACED-REPLA  ethernet  0          nie             ja           0                     nein      /org/freedesktop/NetworkManager/Settings/Connection/2  nein    --      --         --                                                  --    

<<<
stderr: 0 bytes
>>>

<<<
