location: clients/tests/test-client.py:605:test_002()/36
cmd: $NMCLI c s con-1
lang: de_DE.utf8
returncode: 0
stdout: 993 bytes
>>>
connection.id:                          con-1
connection.uuid:                        5fcfd6d7-1e63-3332-8826-a7eda103792d
connection.stable-id:                   --
connection.type:                        802-3-ethernet
connection.interface-name:              --
connection.autoconnect:                 ja
connection.autoconnect-priority:        0
connection.autoconnect-retries:         -1 (default)
connection.auth-retries:                -1
connection.timestamp:                   0
connection.read-only:                   nein
connection.permissions:                 --
connection.zone:                        --
connection.master:                      --
connection.slave-type:                  --
connection.autoconnect-slaves:          -1 (default)
connection.secondaries:                 --
connection.gateway-ping-timeout:        0
connection.metered:                     unbekannt
connection.lldp:                        default
connection.mdns:                        -1 (default)

<<<
stderr: 0 bytes
>>>

<<<
