location: clients/tests/test-client.py:577:test_001()/3
cmd: $NMCLI 
lang: de_DE.utf8
returncode: 0
stdout: 322 bytes
>>>
DNS configuration:
	servers: 1.2.3.4 5.6.7.8

Rufen Sie »nmcli device show« auf, um vollständige Informationen über bekannte Geräte abzurufen
und »nmcli connection show« für eine Übersicht über aktive Verbindungsprofile.


Die Hilfeseiten nmcli(1) und nmcli-examples(5) geben vollständige Aufrufbeschreibungen.

<<<
stderr: 0 bytes
>>>

<<<
