location: clients/tests/test-client.py:989:test_004()/89
cmd: $NMCLI --mode multiline --pretty -f NAME,SSID,SSID-HEX,BSSID,MODE,CHAN,FREQ,RATE,SIGNAL,BARS,SECURITY,WPA-FLAGS,RSN-FLAGS,DEVICE,ACTIVE,IN-USE,DBUS-PATH device wifi list bssid C0:E2:BE:E8:EF:B6
lang: C
returncode: -5
stdout: 425 bytes
>>>
===============================================================================
                            Wi-Fi scan list (wlan1)
===============================================================================

===============================================================================
                            Wi-Fi scan list (wlan1)
===============================================================================

<<<
stderr: 17 bytes
>>>
<UNSTABLE OUTPUT>
<<<
