location: clients/tests/test-client.py:579:test_002()/9
cmd: $NMCLI 
lang: de_DE.utf8
returncode: 0
stdout: 691 bytes
>>>
eth0: nicht verfügbar
	"eth0"
	ethernet (virtual), 72:41:AB:90:41:5D, hw

eth1: nicht verfügbar
	"eth1"
	ethernet (virtual), 1F:E6:D1:E6:1D:53, hw

wlan0: nicht verfügbar
	"wlan0"
	wifi (virtual), 5A:88:5E:B6:90:40, hw

wlan1: nicht verfügbar
	"wlan1"
	wifi (virtual), 7C:D4:69:31:67:0B, hw

wlan1: nicht verfügbar
	"wlan1"
	wifi (virtual), 41:21:6B:F3:C9:4A, hw

DNS configuration:
	servers: 1.2.3.4 5.6.7.8

Rufen Sie »nmcli device show« auf, um vollständige Informationen über bekannte Geräte abzurufen
und »nmcli connection show« für eine Übersicht über aktive Verbindungsprofile.


Die Hilfeseiten nmcli(1) und nmcli-examples(5) geben vollständige Aufrufbeschreibungen.

<<<
stderr: 0 bytes
>>>

<<<
