location: clients/tests/test-client.py:927:test_004()/46
cmd: $NMCLI -f ALL device wifi list bssid C0:E2:BE:E8:EF:B6
lang: pl_PL.UTF-8
returncode: -5
stdout: 269 bytes
>>>
NAME  SSID  SSID-HEX  BSSID  MODE  CHAN  FREQ  RATE  SIGNAL  BARS  SECURITY  WPA-FLAGS  RSN-FLAGS  DEVICE  ACTIVE  IN-USE  DBUS-PATH 

NAME  SSID  SSID-HEX  BSSID  MODE  CHAN  FREQ  RATE  SIGNAL  BARS  SECURITY  WPA-FLAGS  RSN-FLAGS  DEVICE  ACTIVE  IN-USE  DBUS-PATH 

<<<
stderr: 17 bytes
>>>
<UNSTABLE OUTPUT>
<<<
