location: clients/tests/test-client.py:927:test_004()/88
cmd: $NMCLI --mode multiline --pretty -f ALL device wifi list bssid C0:E2:BE:E8:EF:B6
lang: pl_PL.UTF-8
returncode: -5
stdout: 437 bytes
>>>
===============================================================================
                     Lista skanowania sieci Wi-Fi (wlan1)
===============================================================================

===============================================================================
                     Lista skanowania sieci Wi-Fi (wlan1)
===============================================================================

<<<
stderr: 17 bytes
>>>
<UNSTABLE OUTPUT>
<<<
