location: clients/tests/test-client.py:878:test_003()/171
cmd: $NMCLI --terse con s ethernet
lang: C
returncode: 10
stdout: 0 bytes
>>>

<<<
stderr: 46 bytes
>>>
Error: ethernet - no such connection profile.

<<<
