location: clients/tests/test-client.py:930:test_004()/59
cmd: $NMCLI --terse -f NAME,SSID,SSID-HEX,BSSID,MODE,CHAN,FREQ,RATE,SIGNAL,BARS,SECURITY,WPA-FLAGS,RSN-FLAGS,DEVICE,ACTIVE,IN-USE,DBUS-PATH device wifi list bssid C0:E2:BE:E8:EF:B6
lang: C
returncode: -5
stdout: 1 bytes
>>>


<<<
stderr: 17 bytes
>>>
<UNSTABLE OUTPUT>
<<<
