location: clients/tests/test-client.py:592:test_003()/4
cmd: $NMCLI c s
lang: de_DE.utf8
returncode: 0
stdout: 195 bytes
>>>
NAME     UUID                                  TYPE      DEVICE 
con-1    5fcfd6d7-1e63-3332-8826-a7eda103792d  ethernet  --     
con-xx1  UUID-con-xx1-REPLACED-REPLACED-REPLA  ethernet  --     

<<<
stderr: 0 bytes
>>>

<<<
