location: clients/tests/test-client.py:555:test_001()/8
cmd: $NMCLI c s
lang: pl_PL.UTF-8
returncode: 0
stdout: 26 bytes
>>>
NAME  UUID  TYPE  DEVICE 

<<<
stderr: 0 bytes
>>>

<<<
