location: clients/tests/test-client.py:812:test_004()/3
cmd: $NMCLI connection mod con-xx1 ipv4.gateway 172.16.0.1
lang: C
returncode: 1
stdout: 0 bytes
>>>

<<<
stderr: 119 bytes
>>>
Error: Failed to modify connection 'con-xx1': ipv4.gateway: gateway cannot be set if there are no addresses configured

<<<
